634492.560:0338:0318:trace:virtual:NtAllocateVirtualMemory 0xffffffffffffffff 0x0 00002aea 1000 00000004
634492.560:0338:0318:trace:virtual:map_view got mem in reserved area 0x110000-0x113000
634492.563:0338:0318:trace:virtual:NtAllocateVirtualMemory 0xffffffffffffffff 0x0 00002972 1000 00000004
634492.563:0338:0318:trace:virtual:map_view got mem in reserved area 0x120000-0x123000
634492.563:0338:0318:trace:virtual:map_view got mem in reserved area 0x100110000-0x100210000
634492.563:0338:0318:trace:virtual:map_view got mem in reserved area 0x130000-0x330000
634492.566:0338:0318:trace:virtual:map_view got mem in reserved area 0x330000-0x346000
634492.566:0338:0318:trace:virtual:map_view got mem in reserved area 0xffff0000-0x100000000
634492.567:0338:0318:trace:virtual:NtAllocateVirtualMemory 0xffffffffffffffff 0x0 00010000 2000 00000004
634492.567:0338:0318:trace:virtual:map_view got mem in reserved area 0x350000-0x360000
634492.567:0338:0318:trace:virtual:NtAllocateVirtualMemory 0xffffffffffffffff 0x350000 00010000 1000 00000004
634492.567:0338:0318:trace:virtual:NtAllocateVirtualMemory 0xffffffffffffffff 0x0 00009930 1000 00000004
634492.567:0338:0318:trace:virtual:map_view got mem in reserved area 0x360000-0x36a000
634492.567:0338:0318:trace:virtual:NtFreeVirtualMemory 0xffffffffffffffff 0x110000 00000000 8000
634492.568:0338:0318:trace:loaddll:build_ntdll_module Loaded L"C:\\windows\\system32\\ntdll.dll" at 00006FFFFFF30000: builtin
634492.570:0338:0318:trace:loaddll:build_module Loaded L"C:\\windows\\system32\\wow64.dll" at 00006FFFFF030000: builtin
634492.572:0338:0318:trace:loaddll:build_module Loaded L"C:\\windows\\system32\\wow64cpu.dll" at 000000007BF10000: builtin
634492.575:0338:0318:trace:loaddll:build_module Loaded L"C:\\windows\\system32\\win32u.dll" at 00006FFFFF470000: builtin
634492.575:0338:0318:trace:loaddll:build_module Loaded L"C:\\windows\\system32\\wow64win.dll" at 00006FFFFEFE0000: builtin
634492.580:0338:0318:trace:virtual:NtAllocateVirtualMemory 0xffffffffffffffff 0x0 00010000 2000 00000004
634492.580:0338:0318:trace:virtual:map_view got mem in reserved area 0x110000-0x120000
634492.580:0338:0318:trace:virtual:NtAllocateVirtualMemory 0xffffffffffffffff 0x110000 00010000 1000 00000004
634492.580:0338:0318:trace:virtual:NtAllocateVirtualMemory 0xffffffffffffffff 0x0 000050a0 3000 00000004
634492.580:0338:0318:trace:virtual:map_view got mem in reserved area 0x370000-0x376000
634492.581:0338:0318:trace:virtual:NtFreeVirtualMemory 0xffffffffffffffff 0x120000 00000000 8000
634492.583:0338:0318:trace:loaddll:build_module Loaded L"C:\\windows\\syswow64\\rundll32.exe" at 00400000: builtin
634492.583:0338:0318:trace:loaddll:build_ntdll_module Loaded L"C:\\windows\\system32\\ntdll.dll" at 7BF30000: builtin
634492.587:0338:0318:trace:loaddll:build_module Loaded L"C:\\windows\\system32\\kernelbase.dll" at 7BBD0000: builtin
634492.587:0338:0318:trace:loaddll:build_module Loaded L"C:\\windows\\system32\\kernel32.dll" at 7BEA0000: builtin
634492.589:0338:0318:trace:virtual:map_view got mem in reserved area 0x410000-0x4d3000
634492.589:0338:0318:trace:virtual:map_view got mem in reserved area 0x120000-0x122000
634492.590:0338:0318:trace:virtual:map_view got mem in reserved area 0x380000-0x391000
634492.590:0338:0318:trace:virtual:map_view got mem in reserved area 0x3a0000-0x3b1000
634492.592:0338:0318:trace:loaddll:build_module Loaded L"C:\\windows\\system32\\ucrtbase.dll" at 7B9A0000: builtin
634492.601:0338:0318:trace:loaddll:build_module Loaded L"C:\\windows\\system32\\msvcrt.dll" at 7BAC0000: builtin
634492.603:0338:0318:trace:loaddll:build_module Loaded L"C:\\windows\\system32\\sechost.dll" at 7BA90000: builtin
634492.604:0338:0318:trace:loaddll:build_module Loaded L"C:\\windows\\system32\\advapi32.dll" at 7BB80000: builtin
634492.609:0338:0318:trace:loaddll:build_module Loaded L"C:\\windows\\system32\\win32u.dll" at 7B450000: builtin
634492.609:0338:0318:trace:loaddll:build_module Loaded L"C:\\windows\\system32\\gdi32.dll" at 7B680000: builtin
634492.609:0338:0318:trace:loaddll:build_module Loaded L"C:\\windows\\system32\\user32.dll" at 7B4A0000: builtin
634492.611:0338:0318:trace:virtual:NtAllocateVirtualMemory 0xffffffffffffffff 0x0 00080000 3000 00000004
634492.611:0338:0318:trace:virtual:map_view got mem in reserved area 0x4e0000-0x560000
634492.611:0338:0318:trace:virtual:map_view got mem in reserved area 0x560000-0x89d000
634492.611:0338:0318:trace:virtual:map_view got mem in reserved area 0x3c0000-0x3cf000
634492.628:0338:0318:trace:virtual:map_view got mem in reserved area 0x3d0000-0x3e1000
634492.628:0338:0318:trace:virtual:NtAllocateVirtualMemory 0xffffffffffffffff 0x0 00010000 2000 00000004
634492.628:0338:0318:trace:virtual:map_view got mem in reserved area 0x3f0000-0x400000
634492.628:0338:0318:trace:virtual:NtAllocateVirtualMemory 0xffffffffffffffff 0x3f0000 00010000 1000 00000004
634492.628:0338:0318:trace:virtual:NtAllocateVirtualMemory 0xffffffffffffffff 0x0 000050a0 3000 00000004
634492.628:0338:0318:trace:virtual:map_view got mem in reserved area 0x8a0000-0x8a6000
634492.629:0338:0318:trace:virtual:map_view got mem in reserved area 0x8b0000-0x9f8000
634492.629:0338:0318:trace:virtual:NtAllocateVirtualMemory 0xffffffffffffffff 0x0 00180000 3000 00000004
634492.629:0338:0318:trace:virtual:map_view got mem in reserved area 0xa00000-0xb80000
634492.640:0338:0318:trace:virtual:map_view got mem in reserved area 0xb80000-0xb91000
634492.758:0338:0318:trace:virtual:map_view got mem in reserved area 0xba0000-0xbb1000
634492.769:0338:0318:trace:virtual:map_view got mem in reserved area 0xbc0000-0xbec000
634492.783:0338:0318:trace:virtual:map_view got mem in reserved area 0xbf0000-0xc1b000
634492.797:0338:0318:trace:loaddll:build_module Loaded L"C:\\windows\\system32\\imm32.dll" at 7B260000: builtin
634492.798:0338:0318:trace:virtual:NtFreeVirtualMemory 0xffffffffffffffff 0x1 00000000 8000
634492.802:0338:0318:trace:loaddll:build_module Loaded L"c:\\windows\\system32\\winemac.drv" at 79ED0000: builtin
634492.902:0338:0318:trace:virtual:NtAllocateVirtualMemory 0xffffffffffffffff 0x0 00010000 3000 00000004
634492.902:0338:0318:trace:virtual:map_view got mem in reserved area 0xc20000-0xc30000
634492.903:0338:0318:trace:virtual:NtAllocateVirtualMemory 0xffffffffffffffff 0x0 00001000 3000 00000004
634492.903:0338:0318:trace:virtual:map_view got mem in reserved area 0xc30000-0xc31000
634492.905:0338:0318:trace:virtual:NtAllocateVirtualMemory 0xffffffffffffffff 0x0 00001000 3000 00000004
634492.905:0338:0318:trace:virtual:map_view got mem in reserved area 0xc40000-0xc41000
634492.910:0338:0318:trace:loaddll:build_module Loaded L"C:\\windows\\syswow64\\uxtheme.dll" at 79E80000: builtin
634492.913:0338:0318:trace:virtual:map_view got mem in reserved area 0xc50000-0x138c000
634492.917:0338:0318:trace:virtual:NtAllocateVirtualMemory 0xffffffffffffffff 0x0 00100000 2000 00000004
634492.917:0338:0318:trace:virtual:map_view got mem in reserved area 0x1390000-0x1490000
634492.917:0338:0318:trace:virtual:NtAllocateVirtualMemory 0xffffffffffffffff 0x1390000 00010000 1000 00000004
634492.917:0338:0318:trace:virtual:NtAllocateVirtualMemory 0xffffffffffffffff 0x13a0000 00010000 1000 00000004
634492.939:0338:0318:trace:virtual:map_view got mem in reserved area 0x1490000-0x1553000
634492.941:0338:0318:trace:virtual:map_view got mem in reserved area 0x1560000-0x1623000
634493.004:0338:0318:trace:virtual:map_view got mem in reserved area 0x1630000-0x1692000
634493.009:0338:0318:trace:loaddll:build_module Loaded L"C:\\windows\\syswow64\\cabinet.dll" at 7AC50000: builtin
634493.013:0338:0318:trace:loaddll:build_module Loaded L"C:\\windows\\system32\\comctl32.dll" at 79D50000: builtin
634493.017:0338:0318:trace:loaddll:build_module Loaded L"C:\\windows\\syswow64\\cryptbase.dll" at 7B390000: builtin
634493.018:0338:0318:trace:loaddll:build_module Loaded L"C:\\windows\\syswow64\\bcrypt.dll" at 7B130000: builtin
634493.019:0338:0318:trace:loaddll:build_module Loaded L"C:\\windows\\syswow64\\ncrypt.dll" at 7AB40000: builtin
634493.020:0338:0318:trace:loaddll:build_module Loaded L"C:\\windows\\syswow64\\crypt32.dll" at 7AB70000: builtin
634493.021:0338:0318:trace:loaddll:build_module Loaded L"C:\\windows\\system32\\imagehlp.dll" at 7AB20000: builtin
634493.023:0338:0318:trace:loaddll:build_module Loaded L"C:\\windows\\syswow64\\mspatcha.dll" at 7AB00000: builtin
634493.024:0338:0318:trace:loaddll:build_module Loaded L"C:\\windows\\syswow64\\odbccp32.dll" at 7AAD0000: builtin
634493.030:0338:0318:trace:loaddll:build_module Loaded L"C:\\windows\\system32\\rpcrt4.dll" at 7B3B0000: builtin
634493.031:0338:0318:trace:loaddll:build_module Loaded L"C:\\windows\\system32\\combase.dll" at 7B720000: builtin
634493.032:0338:0318:trace:loaddll:build_module Loaded L"C:\\windows\\system32\\coml2.dll" at 7B360000: builtin
634493.033:0338:0318:trace:loaddll:build_module Loaded L"C:\\windows\\system32\\ole32.dll" at 7B780000: builtin
634493.035:0338:0318:trace:loaddll:build_module Loaded L"C:\\windows\\system32\\oleaut32.dll" at 7B290000: builtin
634493.040:0338:0318:trace:loaddll:build_module Loaded L"C:\\windows\\system32\\shcore.dll" at 7AF60000: builtin
634493.041:0338:0318:trace:loaddll:build_module Loaded L"C:\\windows\\system32\\shlwapi.dll" at 7AF90000: builtin
634493.041:0338:0318:trace:loaddll:build_module Loaded L"C:\\windows\\system32\\shell32.dll" at 7A170000: builtin
634493.043:0338:0318:trace:loaddll:build_module Loaded L"C:\\windows\\syswow64\\sxs.dll" at 7A150000: builtin
634493.046:0338:0318:trace:loaddll:build_module Loaded L"C:\\windows\\syswow64\\iertutil.dll" at 7A090000: builtin
634493.051:0338:0318:trace:loaddll:build_module Loaded L"C:\\windows\\syswow64\\mpr.dll" at 79FC0000: builtin
634493.053:0338:0318:trace:loaddll:build_module Loaded L"C:\\windows\\system32\\ws2_32.dll" at 79F80000: builtin
634493.054:0338:0318:trace:loaddll:build_module Loaded L"C:\\windows\\syswow64\\wininet.dll" at 79FF0000: builtin
634493.054:0338:0318:trace:loaddll:build_module Loaded L"C:\\windows\\syswow64\\urlmon.dll" at 7A0D0000: builtin
634493.055:0338:0318:trace:loaddll:build_module Loaded L"C:\\windows\\syswow64\\version.dll" at 7AF40000: builtin
634493.056:0338:0318:trace:loaddll:build_module Loaded L"C:\\windows\\syswow64\\wintrust.dll" at 79F40000: builtin
634493.057:0338:0318:trace:loaddll:build_module Loaded L"C:\\windows\\syswow64\\msi.dll" at 7AC80000: builtin
634493.058:0338:0318:trace:loaddll:build_module Loaded L"C:\\users\\USER\\AppData\\Local\\Temp\\msi965c.tmp" at 79EF0000: native
634493.073:0338:0318:trace:virtual:NtAllocateVirtualMemory 0xffffffffffffffff 0x13b0000 00010000 1000 00000004
634493.076:0338:0318:trace:virtual:NtAllocateVirtualMemory 0xffffffffffffffff 0x13c0000 00010000 1000 00000004
634493.084:0338:0318:trace:virtual:NtAllocateVirtualMemory 0xffffffffffffffff 0x0 00210000 2000 00000004
634493.084:0338:0318:trace:virtual:map_view got mem in reserved area 0x1630000-0x1840000
634493.084:0338:0318:trace:virtual:NtAllocateVirtualMemory 0xffffffffffffffff 0x1630000 00210000 1000 00000004
634493.095:0338:0318:trace:virtual:NtFreeVirtualMemory 0xffffffffffffffff 0x1630000 00000000 8000
634493.097:0338:0318:trace:loaddll:build_module Loaded L"C:\\windows\\syswow64\\mscoree.dll" at 7B850000: native
634493.097:0338:0318:trace:virtual:NtAllocateVirtualMemory 0xffffffffffffffff 0x0 00010000 2000 00000004
634493.097:0338:0318:trace:virtual:map_view got mem in reserved area 0x1630000-0x1640000
634493.097:0338:0318:trace:virtual:NtAllocateVirtualMemory 0xffffffffffffffff 0x1630000 00010000 1000 00000004
634493.097:0338:0318:trace:virtual:NtAllocateVirtualMemory 0xffffffffffffffff 0x0 000050a0 3000 00000004
634493.097:0338:0318:trace:virtual:map_view got mem in reserved area 0x1640000-0x1646000
634493.097:0338:0318:trace:virtual:NtAllocateVirtualMemory 0xffffffffffffffff 0x0 00010000 2000 00000040
634493.097:0338:0318:trace:virtual:map_view got mem in reserved area 0x1650000-0x1660000
634493.097:0338:0318:trace:virtual:NtAllocateVirtualMemory 0xffffffffffffffff 0x1650000 00010000 1000 00000040
634493.097:0338:0318:trace:virtual:NtAllocateVirtualMemory 0xffffffffffffffff 0x0 000050a0 3000 00000004
634493.097:0338:0318:trace:virtual:map_view got mem in reserved area 0x1660000-0x1666000
634493.104:0338:0318:trace:loaddll:build_module Loaded L"C:\\windows\\Microsoft.NET\\Framework\\v4.0.30319\\mscoreei.dll" at 7AFF0000: native
634493.153:0338:0318:trace:loaddll:build_module Loaded L"C:\\windows\\system32\\ucrtbase_clr0400.dll" at 7B8B0000: native
634493.153:0338:0318:trace:loaddll:build_module Loaded L"C:\\windows\\system32\\VCRUNTIME140_CLR0400.dll" at 7B970000: native
634493.153:0338:0318:trace:loaddll:build_module Loaded L"C:\\windows\\Microsoft.NET\\Framework\\v4.0.30319\\clr.dll" at 79590000: native
634493.159:0338:0318:trace:virtual:map_view got mem in reserved area 0x1670000-0x1671000
634493.160:0338:0318:trace:virtual:map_view got mem in reserved area 0x1680000-0x1690000
634493.160:0338:0318:trace:virtual:NtAllocateVirtualMemory 0xffffffffffffffff 0x0 00010000 2000 00000004
634493.160:0338:0318:trace:virtual:map_view got mem in reserved area 0x1690000-0x16a0000
634493.160:0338:0318:trace:virtual:NtAllocateVirtualMemory 0xffffffffffffffff 0x1690000 00001000 1000 00000004
634493.160:0338:0318:trace:virtual:NtAllocateVirtualMemory 0xffffffffffffffff 0x0 00010000 2000 00000001
634493.160:0338:0318:trace:virtual:map_view got mem in reserved area 0x16a0000-0x16b0000
634493.160:0338:0318:trace:virtual:NtAllocateVirtualMemory 0xffffffffffffffff 0x0 00010000 2000 00000001
634493.160:0338:0318:trace:virtual:map_view got mem in reserved area 0x16b0000-0x16c0000
634493.160:0338:0318:trace:virtual:NtAllocateVirtualMemory 0xffffffffffffffff 0x1691000 00001000 1000 00000004
634493.160:0338:0318:trace:virtual:NtAllocateVirtualMemory 0xffffffffffffffff 0x0 00010000 2000 00000001
634493.160:0338:0318:trace:virtual:map_view got mem in reserved area 0x16c0000-0x16d0000
634493.160:0338:0318:trace:virtual:NtAllocateVirtualMemory 0xffffffffffffffff 0x0 00010000 2000 00000001
634493.160:0338:0318:trace:virtual:map_view got mem in reserved area 0x16d0000-0x16e0000
634493.160:0338:0318:trace:virtual:NtAllocateVirtualMemory 0xffffffffffffffff 0x0 00010000 2000 00000004
634493.160:0338:0318:trace:virtual:map_view got mem in reserved area 0x16e0000-0x16f0000
634493.160:0338:0318:trace:virtual:NtAllocateVirtualMemory 0xffffffffffffffff 0x16e0000 00010000 1000 00000004
634493.160:0338:0318:trace:virtual:NtAllocateVirtualMemory 0xffffffffffffffff 0x0 000050a0 3000 00000004
634493.160:0338:0318:trace:virtual:map_view got mem in reserved area 0x16f0000-0x16f6000
634493.160:0338:0318:trace:virtual:NtAllocateVirtualMemory 0xffffffffffffffff 0x0 00010000 2000 00000040
634493.160:0338:0318:trace:virtual:map_view got mem in reserved area 0x1700000-0x1710000
634493.160:0338:0318:trace:virtual:NtAllocateVirtualMemory 0xffffffffffffffff 0x1700000 00010000 1000 00000040
634493.160:0338:0318:trace:virtual:NtAllocateVirtualMemory 0xffffffffffffffff 0x0 000050a0 3000 00000004
634493.160:0338:0318:trace:virtual:map_view got mem in reserved area 0x1710000-0x1716000
634493.161:0338:0318:trace:virtual:map_view got mem in reserved area 0x100210000-0x100320000
634493.161:0338:0318:trace:virtual:NtAllocateVirtualMemory 0xffffffffffffffff 0x7ffd4000 00004000 1000 00000004
634493.161:0338:0318:trace:virtual:map_view got mem in reserved area 0x100320000-0x100420000
634493.161:0338:0318:trace:virtual:map_view got mem in reserved area 0x1720000-0x1920000
634493.162:0338:0318:trace:virtual:NtAllocateVirtualMemory 0xffffffffffffffff 0x16a3000 00001000 1000 00000040
634493.162:0338:0318:trace:virtual:NtAllocateVirtualMemory 0xffffffffffffffff 0x0 00010000 202000 00000004
634493.162:0338:0318:trace:virtual:map_view got mem in reserved area 0x1920000-0x1930000
634493.162:0338:0318:trace:virtual:NtFreeVirtualMemory 0xffffffffffffffff 0x1920000 00000000 8000
634493.162:0338:0318:trace:virtual:NtAllocateVirtualMemory 0xffffffffffffffff 0x0 02000000 2000 00000004
634493.162:0338:0318:trace:virtual:map_view got mem in reserved area 0x1920000-0x3920000
634493.162:0338:0318:trace:virtual:NtAllocateVirtualMemory 0xffffffffffffffff 0x0 00020000 202000 00000004
634493.162:0338:0318:trace:virtual:map_view got mem in reserved area 0x3920000-0x3940000
634493.162:0338:0318:trace:virtual:NtAllocateVirtualMemory 0xffffffffffffffff 0x3920000 00010068 1000 00000004
634493.162:0338:0318:trace:virtual:NtAllocateVirtualMemory 0xffffffffffffffff 0x13d0000 00010000 1000 00000004
634493.163:0338:0318:trace:virtual:NtAllocateVirtualMemory 0xffffffffffffffff 0x1920000 00002000 1000 00000004
634493.163:0338:0318:trace:virtual:NtAllocateVirtualMemory 0xffffffffffffffff 0x2920000 00002000 1000 00000004
634493.163:0338:0318:trace:virtual:map_view got mem in reserved area 0x100420000-0x100530000
634493.163:0338:0318:trace:virtual:NtAllocateVirtualMemory 0xffffffffffffffff 0x7ffd0000 00004000 1000 00000004
634493.163:0338:0318:trace:virtual:map_view got mem in reserved area 0x100530000-0x100630000
634493.163:0338:0318:trace:virtual:map_view got mem in reserved area 0x3940000-0x3b40000
634493.165:0338:0318:trace:virtual:NtAllocateVirtualMemory 0xffffffffffffffff 0x13e0000 00010000 1000 00000004
634493.168:0338:0318:trace:virtual:map_view got mem in reserved area 0x3b40000-0x4f3c000
634493.184:0338:0318:trace:loaddll:build_module Loaded L"C:\\windows\\assembly\\NativeImages_v4.0.30319_32\\mscorlib\\c8b6d91825dffe15d6f5c3ba13630339\\mscorlib.ni.dll" at 03B40000: native
634493.190:0338:0318:trace:virtual:NtAllocateVirtualMemory 0xffffffffffffffff 0x16a0000 00001000 1000 00000004
634493.190:0338:0318:trace:virtual:NtAllocateVirtualMemory 0xffffffffffffffff 0x16b3000 00002000 1000 00000004
634493.190:0338:0318:trace:virtual:NtAllocateVirtualMemory 0xffffffffffffffff 0x2922000 00010000 1000 00000004
634493.190:0338:0318:trace:virtual:NtAllocateVirtualMemory 0xffffffffffffffff 0x16a4000 00001000 1000 00000004
634493.190:0338:0318:trace:virtual:NtAllocateVirtualMemory 0xffffffffffffffff 0x0 00010000 2000 00000001
634493.190:0338:0318:trace:virtual:map_view got mem in reserved area 0x4f40000-0x4f50000
634493.190:0338:0318:trace:virtual:NtAllocateVirtualMemory 0xffffffffffffffff 0x4f40000 00001000 1000 00000040
634493.192:0338:0318:trace:virtual:NtAllocateVirtualMemory 0xffffffffffffffff 0x0 00010000 2000 00000040
634493.192:0338:0318:trace:virtual:map_view got mem in reserved area 0x4f50000-0x4f60000
634493.192:0338:0318:trace:virtual:NtAllocateVirtualMemory 0xffffffffffffffff 0x4f50000 00010000 1000 00000040
634493.192:0338:0318:trace:virtual:NtAllocateVirtualMemory 0xffffffffffffffff 0x0 000050a0 3000 00000004
634493.192:0338:0318:trace:virtual:map_view got mem in reserved area 0x4f60000-0x4f66000
634493.192:0338:0318:trace:virtual:NtAllocateVirtualMemory 0xffffffffffffffff 0x0 00010000 3000 00000004
634493.192:0338:0318:trace:virtual:map_view got mem in reserved area 0x4f70000-0x4f80000
634493.192:0338:0318:trace:virtual:NtAllocateVirtualMemory 0xffffffffffffffff 0x13f0000 00010000 1000 00000004
634493.192:0338:0318:trace:virtual:NtAllocateVirtualMemory 0xffffffffffffffff 0x16ad000 00001000 1000 00000040
634493.192:0338:0318:trace:virtual:NtAllocateVirtualMemory 0xffffffffffffffff 0x16b0000 00001000 1000 00000004
634493.192:0338:0318:trace:virtual:NtAllocateVirtualMemory 0xffffffffffffffff 0x1922000 00010000 1000 00000004
634493.194:0338:0318:trace:virtual:map_view got mem in reserved area 0x100630000-0x100740000
634493.194:0338:0318:trace:virtual:NtAllocateVirtualMemory 0xffffffffffffffff 0x7ffcc000 00004000 1000 00000004
634493.194:0338:0318:trace:virtual:map_view got mem in reserved area 0x100740000-0x100840000
634493.194:0338:0318:trace:virtual:map_view got mem in reserved area 0x4f80000-0x5080000
634493.195:0338:0318:trace:virtual:NtAllocateVirtualMemory 0xffffffffffffffff 0x0 00010000 2000 00000001
634493.195:0338:0318:trace:virtual:map_view got mem in reserved area 0x5080000-0x5090000
634493.195:0338:0318:trace:virtual:NtAllocateVirtualMemory 0xffffffffffffffff 0x0 00010000 2000 00000004
634493.195:0338:0318:trace:virtual:map_view got mem in reserved area 0x5090000-0x50a0000
634493.195:0338:0318:trace:virtual:NtAllocateVirtualMemory 0xffffffffffffffff 0x5090000 00001000 1000 00000004
634493.195:0338:0318:trace:virtual:NtAllocateVirtualMemory 0xffffffffffffffff 0x5091000 00001000 1000 00000004
634493.195:0338:0318:trace:virtual:NtAllocateVirtualMemory 0xffffffffffffffff 0x0 00010000 2000 00000001
634493.195:0338:0318:trace:virtual:map_view got mem in reserved area 0x50a0000-0x50b0000
634493.196:0338:0318:trace:virtual:NtAllocateVirtualMemory 0xffffffffffffffff 0x5083000 00002000 1000 00000004
634493.196:0338:0318:trace:virtual:NtAllocateVirtualMemory 0xffffffffffffffff 0x0 00050000 102000 00000040
634493.196:0338:0318:trace:virtual:map_view got mem in reserved area 0x7ff10000-0x7ff60000
634493.196:0338:0318:trace:virtual:NtAllocateVirtualMemory 0xffffffffffffffff 0x7ff10000 00000034 1000 00000040
634493.196:0338:0318:trace:virtual:NtAllocateVirtualMemory 0xffffffffffffffff 0x7ff10000 0000003c 1000 00000040
634493.196:0338:0318:trace:virtual:NtAllocateVirtualMemory 0xffffffffffffffff 0x7ff18040 00000030 1000 00000040
634493.196:0338:0318:trace:virtual:NtAllocateVirtualMemory 0xffffffffffffffff 0x0 00010000 102000 00000040
634493.196:0338:0318:trace:virtual:map_view got mem in reserved area 0x7fff0000-0x80000000
634493.196:0338:0318:trace:virtual:NtFreeVirtualMemory 0xffffffffffffffff 0x7fff0000 00000000 8000
634493.196:0338:0318:trace:virtual:NtFreeVirtualMemory 0xffffffffffffffff 0x7ff10000 00000000 8000
634493.196:0338:0318:trace:seh:dispatch_exception code=e06d7363 (EXCEPTION_WINE_CXX_EXCEPTION) flags=1 addr=000000007BC1A9F7
634493.196:0338:0318:trace:seh:dispatch_exception code=e06d7363 (EXCEPTION_WINE_CXX_EXCEPTION) flags=1 addr=7BC1A9F7
634493.196:0338:0318:trace:seh:dispatch_exception code=e06d7363 (EXCEPTION_WINE_CXX_EXCEPTION) flags=1 addr=000000007BC1A9F7
634493.197:0338:0318:trace:seh:dispatch_exception code=e06d7363 (EXCEPTION_WINE_CXX_EXCEPTION) flags=1 addr=7BC1A9F7
634493.197:0338:0318:trace:seh:dispatch_exception code=e06d7363 (EXCEPTION_WINE_CXX_EXCEPTION) flags=1 addr=000000007BC1A9F7
634493.197:0338:0318:trace:seh:dispatch_exception code=e06d7363 (EXCEPTION_WINE_CXX_EXCEPTION) flags=1 addr=7BC1A9F7
634493.197:0338:0318:trace:seh:dispatch_exception code=e0434352 (unknown) flags=1 addr=000000007BC1A9F7
634493.198:0338:0318:trace:seh:dispatch_exception code=e0434352 (unknown) flags=1 addr=7BC1A9F7
634493.198:0338:031c:trace:virtual:NtAllocateVirtualMemory 0xffffffffffffffff 0x16db000 00001000 1000 00000040
634493.198:0338:031c:trace:virtual:NtAllocateVirtualMemory 0xffffffffffffffff 0x16d7000 00001000 1000 00000040
634493.203:0338:0324:trace:seh:dispatch_exception code=e06d7363 (EXCEPTION_WINE_CXX_EXCEPTION) flags=1 addr=000000007BC1A9F7
634493.204:0338:0324:trace:seh:dispatch_exception code=e06d7363 (EXCEPTION_WINE_CXX_EXCEPTION) flags=1 addr=7BC1A9F7
634493.204:0338:0324:trace:seh:dispatch_exception code=e06d7363 (EXCEPTION_WINE_CXX_EXCEPTION) flags=1 addr=000000007BC1A9F7
634493.204:0338:0324:trace:seh:dispatch_exception code=e06d7363 (EXCEPTION_WINE_CXX_EXCEPTION) flags=1 addr=7BC1A9F7
634493.206:0338:0318:trace:virtual:NtFreeVirtualMemory 0xffffffffffffffff 0x1660000 00000000 8000
634493.206:0338:0318:trace:virtual:NtFreeVirtualMemory 0xffffffffffffffff 0x1650000 00000000 8000
