[00EC:00F0][2026-09-15T00:00:48]i001: Burn v3.11.2.4516, Windows v10.0 (Build 19045: Service Pack 0), path: C:\users\USER\AppData\Local\Temp\{6D111A67-867C-45B4-BC9A-D5C85F27C6A9}\.cr\articulate-360.exe
[00EC:00F0][2026-09-15T00:00:48]i000: Initializing string variable 'ApplicationName' to value 'Articulate 360'
[00EC:00F0][2026-09-15T00:00:48]i000: Initializing string variable 'PackageFileName' to value 'Articulate.360.Package.msi'
[00EC:00F0][2026-09-15T00:00:48]i000: Initializing string variable 'PackageUpgradeCode' to value '92617AD6-B1BB-49BD-A986-9939F3D5F002'
[00EC:00F0][2026-09-15T00:00:48]i000: Initializing string variable 'LaunchProcessInstallLocationRegistryKeys' to value 'HKEY_LOCAL_MACHINE\Software\Articulate\360\Desktop Service;HKEY_LOCAL_MACHINE\Software\Articulate\360\Desktop Application'
[00EC:00F0][2026-09-15T00:00:48]i000: Initializing string variable 'LaunchProcessNames' to value 'Articulate 360 Desktop Service.exe;Articulate 360 Desktop App.exe'
[00EC:00F0][2026-09-15T00:00:48]i009: Command Line: '-burn.clean.room=Z:\Users\USER\StorylineLab\inputs\articulate-360.exe -burn.filehandle.attached=140 -burn.filehandle.self=144'
[00EC:00F0][2026-09-15T00:00:48]i000: Setting string variable 'WixBundleOriginalSource' to value 'Z:\Users\USER\StorylineLab\inputs\articulate-360.exe'
[00EC:00F0][2026-09-15T00:00:48]i000: Setting string variable 'WixBundleOriginalSourceFolder' to value 'Z:\Users\USER\StorylineLab\inputs\'
[00EC:00F0][2026-09-15T00:00:48]i000: Setting string variable 'WixBundleLog' to value 'C:\users\USER\AppData\Local\Temp\Articulate_360_20260915000048.log'
[00EC:00F0][2026-09-15T00:00:48]i052: Condition 'VersionNT >= v6.0' evaluates to true.
[00EC:00F0][2026-09-15T00:00:53]i000: Setting string variable 'WixBundleName' to value 'Articulate 360'
[00EC:00F0][2026-09-15T00:00:53]i000: Setting string variable 'WixBundleManufacturer' to value 'Articulate Global, LLC'
[00EC:00F0][2026-09-15T00:00:54]i000: Loading managed bootstrapper application.
[00EC:00F0][2026-09-15T00:00:55]i000: Creating BA thread to run asynchronously.
[00EC:00F0][2026-09-15T00:00:58]i100: Detect begin, 4 packages
[00EC:00F0][2026-09-15T00:00:58]i000: Setting string variable 'NETFRAMEWORK45' to value '533320'
[00EC:00F0][2026-09-15T00:00:58]i052: Condition 'NETFRAMEWORK45 >= 528040' evaluates to true.
[00EC:00F0][2026-09-15T00:00:58]i000: Desired action is Install with state: Absent.
[00EC:00F0][2026-09-15T00:00:58]i000: Preparing install.
[00EC:00F0][2026-09-15T00:00:58]i000: Checking for conflicting packages...
[00EC:00F0][2026-09-15T00:00:58]i000: No conflicting packages detected.
[00EC:00F0][2026-09-15T00:00:58]i000: Package is not present or obsolete, continuing with installation.
[00EC:00F0][2026-09-15T00:00:58]i000: Setting string variable 'CurrentUICulture' to value 'en-US'
[00EC:00F0][2026-09-15T00:00:58]i000: Setting string variable 'InstallerServiceScheduledTaskDescription' to value 'Allows non-admin installation or updates of Articulate 360 software. If this task is disabled or stopped, installing or updating Articulate 360 software will require admin privileges. This task uninstalls itself when Articulate 360 is uninstalled.'
[00EC:00F0][2026-09-15T00:00:58]i000: Setting string variable 'InstallerServiceScheduledTaskDescription' to value 'Allows non-admin installation or updates of Articulate 360 software. If this task is disabled or stopped, installing or updating Articulate 360 software will require admin privileges. This task uninstalls itself when Articulate 360 is uninstalled.'
[00EC:00F0][2026-09-15T00:00:58]i101: Detected package: VisualCPlusPlusRedistributablex86, state: Absent, cached: None
[00EC:00F0][2026-09-15T00:00:58]i101: Detected package: VisualCPlusPlusRedistributablex64, state: Absent, cached: None
[00EC:00F0][2026-09-15T00:00:58]i101: Detected package: NetFx48Web, state: Present, cached: None
[00EC:00F0][2026-09-15T00:00:58]i101: Detected package: Articulate.360.Package.msi, state: Absent, cached: None
[00EC:00F0][2026-09-15T00:00:58]i199: Detect complete, result: 0x0
[00EC:00F0][2026-09-15T00:01:13]i200: Plan begin, 4 packages, action: Install
[00EC:00F0][2026-09-15T00:01:13]w321: Skipping dependency registration on package with no dependency providers: VisualCPlusPlusRedistributablex86
[00EC:00F0][2026-09-15T00:01:13]i000: Setting string variable 'WixBundleLog_VisualCPlusPlusRedistributablex86' to value 'C:\users\USER\AppData\Local\Temp\Articulate_360_20260915000048_000_VisualCPlusPlusRedistributablex86.log'
[00EC:00F0][2026-09-15T00:01:13]i052: Condition 'VersionNT64' evaluates to true.
[00EC:00F0][2026-09-15T00:01:13]w321: Skipping dependency registration on package with no dependency providers: VisualCPlusPlusRedistributablex64
[00EC:00F0][2026-09-15T00:01:13]i000: Setting string variable 'WixBundleLog_VisualCPlusPlusRedistributablex64' to value 'C:\users\USER\AppData\Local\Temp\Articulate_360_20260915000048_001_VisualCPlusPlusRedistributablex64.log'
[00EC:00F0][2026-09-15T00:01:13]w321: Skipping dependency registration on package with no dependency providers: NetFx48Web
[00EC:00F0][2026-09-15T00:01:13]i000: Setting string variable 'WixBundleRollbackLog_Articulate.360.Package.msi' to value 'C:\users\USER\AppData\Local\Temp\Articulate_360_20260915000048_002_Articulate.360.Package.msi_rollback.log'
[00EC:00F0][2026-09-15T00:01:13]i000: Setting string variable 'WixBundleLog_Articulate.360.Package.msi' to value 'C:\users\USER\AppData\Local\Temp\Articulate_360_20260915000048_002_Articulate.360.Package.msi.log'
[00EC:00F0][2026-09-15T00:01:13]i201: Planned package: VisualCPlusPlusRedistributablex86, state: Absent, default requested: Present, ba requested: Present, execute: Install, rollback: None, cache: Yes, uncache: No, dependency: None
[00EC:00F0][2026-09-15T00:01:13]i201: Planned package: VisualCPlusPlusRedistributablex64, state: Absent, default requested: Present, ba requested: Present, execute: Install, rollback: None, cache: Yes, uncache: No, dependency: None
[00EC:00F0][2026-09-15T00:01:13]i201: Planned package: NetFx48Web, state: Present, default requested: Present, ba requested: Present, execute: None, rollback: None, cache: No, uncache: No, dependency: None
[00EC:00F0][2026-09-15T00:01:13]i201: Planned package: Articulate.360.Package.msi, state: Absent, default requested: Present, ba requested: Present, execute: Install, rollback: Uninstall, cache: Yes, uncache: No, dependency: Register
[00EC:00F0][2026-09-15T00:01:13]i000: Plan complete. Applying action.
[00EC:00F0][2026-09-15T00:01:13]i299: Plan complete, result: 0x0
[00EC:00F0][2026-09-15T00:01:13]i300: Apply begin
[00EC:00F0][2026-09-15T00:01:13]i000: Checking for conflicting packages...
[00EC:00F0][2026-09-15T00:01:13]i000: No conflicting packages detected.
[00EC:00F0][2026-09-15T00:01:13]i010: Launching elevated engine process.
[00EC:00F0][2026-09-15T00:01:13]i011: Launched elevated engine process.
[00EC:00F0][2026-09-15T00:01:13]i012: Connected to elevated engine.
[0158:015C][2026-09-15T00:01:14]i358: Pausing automatic updates.
[0158:015C][2026-09-15T00:01:14]i359: Paused automatic updates.
[0158:015C][2026-09-15T00:01:14]i360: Creating a system restore point.
[0158:015C][2026-09-15T00:01:14]i361: Created a system restore point.
[0158:015C][2026-09-15T00:01:14]i370: Session begin, registration key: SOFTWARE\Microsoft\Windows\CurrentVersion\Uninstall\{27d51978-81a5-4cec-aef1-a407a7893eeb}, options: 0x7, disable resume: No
[0158:015C][2026-09-15T00:01:14]i000: Caching bundle from: 'C:\users\USER\AppData\Local\Temp\{C9298D09-E55D-4BDA-A966-B74D9B9C1ACB}\.be\Articulate.360.Bundle.exe' to: 'C:\ProgramData\Package Cache\{27d51978-81a5-4cec-aef1-a407a7893eeb}\Articulate.360.Bundle.exe'
[0158:015C][2026-09-15T00:01:14]i320: Registering bundle dependency provider: {27d51978-81a5-4cec-aef1-a407a7893eeb}, version: 1.125.37980.0
[0158:015C][2026-09-15T00:01:14]i371: Updating session, registration key: SOFTWARE\Microsoft\Windows\CurrentVersion\Uninstall\{27d51978-81a5-4cec-aef1-a407a7893eeb}, resume: Active, restart initiated: No, disable resume: No
[0158:0168][2026-09-15T00:01:14]i305: Verified acquired payload: VisualCPlusPlusRedistributablex86 at path: C:\ProgramData\Package Cache\.unverified\VisualCPlusPlusRedistributablex86, moving to: C:\ProgramData\Package Cache\AB4A97610B127D68C45311DEABFBCD8AA7066F4B\vc_redist.x86.exe.
[0158:0168][2026-09-15T00:01:14]i305: Verified acquired payload: VisualCPlusPlusRedistributablex64 at path: C:\ProgramData\Package Cache\.unverified\VisualCPlusPlusRedistributablex64, moving to: C:\ProgramData\Package Cache\046F00C519900FCBF2E6E955FC155B11156A733B\vc_redist.x64.exe.
[0158:0168][2026-09-15T00:01:15]i305: Verified acquired payload: Articulate.360.Package.msi at path: C:\ProgramData\Package Cache\.unverified\Articulate.360.Package.msi, moving to: C:\ProgramData\Package Cache\{126A19EA-26BC-4253-A1C9-397733057610}v1.125.37980.0\Articulate.360.Package.msi.
[0158:015C][2026-09-15T00:01:15]i301: Applying execute package: VisualCPlusPlusRedistributablex86, action: Install, path: C:\ProgramData\Package Cache\AB4A97610B127D68C45311DEABFBCD8AA7066F4B\vc_redist.x86.exe, arguments: '"C:\ProgramData\Package Cache\AB4A97610B127D68C45311DEABFBCD8AA7066F4B\vc_redist.x86.exe" /quiet /norestart'
[00EC:00F0][2026-09-15T00:01:19]i319: Applied execute package: VisualCPlusPlusRedistributablex86, result: 0x0, restart: None
[0158:015C][2026-09-15T00:01:19]i301: Applying execute package: VisualCPlusPlusRedistributablex64, action: Install, path: C:\ProgramData\Package Cache\046F00C519900FCBF2E6E955FC155B11156A733B\vc_redist.x64.exe, arguments: '"C:\ProgramData\Package Cache\046F00C519900FCBF2E6E955FC155B11156A733B\vc_redist.x64.exe" /quiet /norestart'
[00EC:00F0][2026-09-15T00:01:23]i319: Applied execute package: VisualCPlusPlusRedistributablex64, result: 0x0, restart: None
[0158:015C][2026-09-15T00:01:23]i323: Registering package dependency provider: {126A19EA-26BC-4253-A1C9-397733057610}, version: 1.125.37980.0, package: Articulate.360.Package.msi
[0158:015C][2026-09-15T00:01:23]i301: Applying execute package: Articulate.360.Package.msi, action: Install, path: C:\ProgramData\Package Cache\{126A19EA-26BC-4253-A1C9-397733057610}v1.125.37980.0\Articulate.360.Package.msi, arguments: ' ARPSYSTEMCOMPONENT="1" MSIFASTINSTALL="7" WIXFAILWHENDEFERRED="" CURRENTUICULTURE="en-US" INSTALLFOLDER="" SCHEDULEDTASKDESCRIPTION="Allows non-admin installation or updates of Articulate 360 software. If this task is disabled or stopped, installing or updating Articulate 360 software will require admin privileges. This task uninstalls itself when Articulate 360 is uninstalled."'
[00EC:00F0][2026-09-15T00:01:31]i319: Applied execute package: Articulate.360.Package.msi, result: 0x0, restart: None
[0158:015C][2026-09-15T00:01:31]i325: Registering dependency: {27d51978-81a5-4cec-aef1-a407a7893eeb} on package provider: {126A19EA-26BC-4253-A1C9-397733057610}, package: Articulate.360.Package.msi
[0158:015C][2026-09-15T00:01:31]i372: Session end, registration key: SOFTWARE\Microsoft\Windows\CurrentVersion\Uninstall\{27d51978-81a5-4cec-aef1-a407a7893eeb}, resume: ARP, restart: None, disable resume: No
[0158:015C][2026-09-15T00:01:31]i371: Updating session, registration key: SOFTWARE\Microsoft\Windows\CurrentVersion\Uninstall\{27d51978-81a5-4cec-aef1-a407a7893eeb}, resume: ARP, restart initiated: No, disable resume: No
[00EC:00F0][2026-09-15T00:01:31]i000: Apply complete, setting final result to 0.
[00EC:00F0][2026-09-15T00:01:31]i000: Apply complete, showing finished view.
[00EC:00F0][2026-09-15T00:01:31]i399: Apply complete, result: 0x0, restart: None, ba requested restart:  No
[00EC:0148][2026-09-15T00:02:26]i000: Executing finish command, ActionTaken=Install, FinalResult=0
[00EC:0148][2026-09-15T00:02:26]i000: Process tuple: C:\Program Files\Articulate\360\Desktop Service x64\|Articulate 360 Desktop Service.exe
[00EC:0148][2026-09-15T00:02:26]i000: Launching C:\Program Files\Articulate\360\Desktop Service x64\Articulate 360 Desktop Service.exe, Attempt number 1
[00EC:0148][2026-09-15T00:02:26]i000: ProcessFactory.StartNew(C:\Program Files\Articulate\360\Desktop Service x64\Articulate 360 Desktop Service.exe, )
[00EC:0148][2026-09-15T00:02:26]i000: Process tuple: C:\Program Files\Articulate\360\Desktop Application x64\|Articulate 360 Desktop App.exe
[00EC:0148][2026-09-15T00:02:26]i000: Launching C:\Program Files\Articulate\360\Desktop Application x64\Articulate 360 Desktop App.exe, Attempt number 1
[00EC:0148][2026-09-15T00:02:26]i000: ProcessFactory.StartNew(C:\Program Files\Articulate\360\Desktop Application x64\Articulate 360 Desktop App.exe, )
[00EC:00F0][2026-09-15T00:02:26]i500: Shutting down, exit code: 0x0
[00EC:00F0][2026-09-15T00:02:26]i410: Variable: ApplicationName = Articulate 360
[00EC:00F0][2026-09-15T00:02:26]i410: Variable: CurrentUICulture = en-US
[00EC:00F0][2026-09-15T00:02:26]i410: Variable: InstallerServiceScheduledTaskDescription = Allows non-admin installation or updates of Articulate 360 software. If this task is disabled or stopped, installing or updating Articulate 360 software will require admin privileges. This task uninstalls itself when Articulate 360 is uninstalled.
[00EC:00F0][2026-09-15T00:02:26]i410: Variable: LaunchProcessInstallLocationRegistryKeys = HKEY_LOCAL_MACHINE\Software\Articulate\360\Desktop Service;HKEY_LOCAL_MACHINE\Software\Articulate\360\Desktop Application
[00EC:00F0][2026-09-15T00:02:26]i410: Variable: LaunchProcessNames = Articulate 360 Desktop Service.exe;Articulate 360 Desktop App.exe
[00EC:00F0][2026-09-15T00:02:26]i410: Variable: NETFRAMEWORK45 = 533320
[00EC:00F0][2026-09-15T00:02:26]i410: Variable: PackageFileName = Articulate.360.Package.msi
[00EC:00F0][2026-09-15T00:02:26]i410: Variable: PackageUpgradeCode = 92617AD6-B1BB-49BD-A986-9939F3D5F002
[00EC:00F0][2026-09-15T00:02:26]i410: Variable: VersionNT = 10.0.0.0
[00EC:00F0][2026-09-15T00:02:26]i410: Variable: VersionNT64 = 10.0.0.0
[00EC:00F0][2026-09-15T00:02:26]i410: Variable: WixBundleAction = 5
[00EC:00F0][2026-09-15T00:02:26]i410: Variable: WixBundleElevated = 1
[00EC:00F0][2026-09-15T00:02:26]i410: Variable: WixBundleLog = C:\users\USER\AppData\Local\Temp\Articulate_360_20260915000048.log
[00EC:00F0][2026-09-15T00:02:26]i410: Variable: WixBundleLog_Articulate.360.Package.msi = C:\users\USER\AppData\Local\Temp\Articulate_360_20260915000048_002_Articulate.360.Package.msi.log
[00EC:00F0][2026-09-15T00:02:26]i410: Variable: WixBundleLog_VisualCPlusPlusRedistributablex64 = C:\users\USER\AppData\Local\Temp\Articulate_360_20260915000048_001_VisualCPlusPlusRedistributablex64.log
[00EC:00F0][2026-09-15T00:02:26]i410: Variable: WixBundleLog_VisualCPlusPlusRedistributablex86 = C:\users\USER\AppData\Local\Temp\Articulate_360_20260915000048_000_VisualCPlusPlusRedistributablex86.log
[00EC:00F0][2026-09-15T00:02:26]i410: Variable: WixBundleManufacturer = Articulate Global, LLC
[00EC:00F0][2026-09-15T00:02:26]i410: Variable: WixBundleName = Articulate 360
[00EC:00F0][2026-09-15T00:02:26]i410: Variable: WixBundleOriginalSource = Z:\Users\USER\StorylineLab\inputs\articulate-360.exe
[00EC:00F0][2026-09-15T00:02:26]i410: Variable: WixBundleOriginalSourceFolder = Z:\Users\USER\StorylineLab\inputs\
[00EC:00F0][2026-09-15T00:02:26]i410: Variable: WixBundleProviderKey = {27d51978-81a5-4cec-aef1-a407a7893eeb}
[00EC:00F0][2026-09-15T00:02:26]i410: Variable: WixBundleRollbackLog_Articulate.360.Package.msi = C:\users\USER\AppData\Local\Temp\Articulate_360_20260915000048_002_Articulate.360.Package.msi_rollback.log
[00EC:00F0][2026-09-15T00:02:26]i410: Variable: WixBundleSourceProcessFolder = Z:\Users\USER\StorylineLab\inputs\
[00EC:00F0][2026-09-15T00:02:26]i410: Variable: WixBundleSourceProcessPath = Z:\Users\USER\StorylineLab\inputs\articulate-360.exe
[00EC:00F0][2026-09-15T00:02:26]i410: Variable: WixBundleTag = 92617AD6-B1BB-49BD-A986-9939F3D5F002
[00EC:00F0][2026-09-15T00:02:26]i410: Variable: WixBundleUILevel = 4
[00EC:00F0][2026-09-15T00:02:26]i410: Variable: WixBundleVersion = 1.125.37980.0
[00EC:00F0][2026-09-15T00:02:27]i007: Exit code: 0x0, restarting: No
